// Jest Snapshot v1, https://goo.gl/fbAQLP

exports[`GET /v1/campaigns When query 200 - Responds a list of all campaigns started 1`] = `
Object {
  "data": Object {
    "campaigns": Array [
      Object {
        "candidates": Array [
          Object {
            "name": "Michael Jordan",
            "number_of_votes": 50,
            "voted": false,
          },
          Object {
            "name": "Tim Duncan",
            "number_of_votes": 51,
            "voted": false,
          },
        ],
        "end_date": "2019-01-31",
        "id": "3a044192-db7e-4fd3-9334-c9344360286b",
        "start_date": "2019-01-01",
        "title": "Current campaign 3",
      },
      Object {
        "candidates": Array [
          Object {
            "name": "Michael Jordan",
            "number_of_votes": 100,
            "voted": false,
          },
          Object {
            "name": "Tim Duncan",
            "number_of_votes": 0,
            "voted": false,
          },
        ],
        "end_date": "2019-01-31",
        "id": "2a044192-db7e-4fd3-9334-c9344360286b",
        "start_date": "2019-01-01",
        "title": "Current campaign 2",
      },
      Object {
        "candidates": Array [
          Object {
            "name": "Michael Jordan",
            "number_of_votes": 0,
            "voted": false,
          },
          Object {
            "name": "Tim Duncan",
            "number_of_votes": 99,
            "voted": false,
          },
        ],
        "end_date": "2019-01-31",
        "id": "1a044192-db7e-4fd3-9334-c9344360286b",
        "start_date": "2019-01-01",
        "title": "Current campaign 1",
      },
      Object {
        "candidates": Array [
          Object {
            "name": "Michael Jordan",
            "number_of_votes": 200,
            "voted": false,
          },
          Object {
            "name": "Tim Duncan",
            "number_of_votes": 0,
            "voted": false,
          },
        ],
        "end_date": "2018-12-31",
        "id": "ba044192-db7e-4fd3-9334-c9344360286b",
        "start_date": "2018-12-01",
        "title": "Old campaign 2",
      },
      Object {
        "candidates": Array [
          Object {
            "name": "Michael Jordan",
            "number_of_votes": 100000,
            "voted": false,
          },
          Object {
            "name": "Tim Duncan",
            "number_of_votes": 0,
            "voted": false,
          },
        ],
        "end_date": "2018-11-30",
        "id": "aa044192-db7e-4fd3-9334-c9344360286b",
        "start_date": "2018-11-01",
        "title": "Old campaign 1",
      },
    ],
  },
  "meta": Object {
    "code": 20000,
    "message": "OK",
  },
}
`;
